node.exe : GET TUTOR APPLICATION ERROR: n [Error]: Dynamic ser
ver usage: Route /api/tutor/application couldn't be rendered s
tatically because it used `headers`. See more info here: https
://nextjs.org/docs/messages/dynamic-server-error
At line:1 char:1
+ & "C:\Program Files\nodejs/node.exe" "C:\Program Files\nodej
s/node_mo ...
+ ~~~~~~~~~~~~~~~~~~~~~~~~~~~~~~~~~~~~~~~~~~~~~~~~~~~~~~~~~~~~
~~~~~~~~~
    + CategoryInfo          : NotSpecified: (GET TUTOR APPLI. 
   ..ic-server-error:String) [], RemoteException
    + FullyQualifiedErrorId : NativeCommandError
 
    at l (D:\coding\GuruPreneur-web\.next\server\chunks\8948.j
s:1:37220)
    at u (D:\coding\GuruPreneur-web\.next\server\chunks\1615.j
s:1:1502)
    at n (D:\coding\GuruPreneur-web\.next\server\chunks\4910.j
s:1:6097)
    at async O (D:\coding\GuruPreneur-web\.next\server\chunks\
4910.js:1:3412)
    at async p (D:\coding\GuruPreneur-web\.next\server\app\api
\tutor\application\route.js:1:2120)
    at async D:\coding\GuruPreneur-web\node_modules\next\dist\
compiled\next-server\app-route.runtime.prod.js:6:38411
    at async e_.execute (D:\coding\GuruPreneur-web\node_module
s\next\dist\compiled\next-server\app-route.runtime.prod.js:6:2
7880)
    at async e_.handle (D:\coding\GuruPreneur-web\node_modules
\next\dist\compiled\next-server\app-route.runtime.prod.js:6:39
943)
    at async exportAppRoute (D:\coding\GuruPreneur-web\node_mo
dules\next\dist\export\routes\app-route.js:77:26)
    at async exportPageImpl (D:\coding\GuruPreneur-web\node_mo
dules\next\dist\export\worker.js:175:20) {
  description: "Route /api/tutor/application couldn't be rende
red statically because it used `headers`. See more info here: 
https://nextjs.org/docs/messages/dynamic-server-error",
  digest: 'DYNAMIC_SERVER_USAGE'
}
Error: @clerk/clerk-react: Missing publishableKey. You can get
 your key at https://dashboard.clerk.com/last-active?path=api-
keys.
    at Object.throwMissingPublishableKeyError (D:\coding\GuruP
reneur-web\.next\server\chunks\1977.js:30:1483)
    at D:\coding\GuruPreneur-web\.next\server\chunks\1977.js:1
9:54560
    at nj (D:\coding\GuruPreneur-web\node_modules\next\dist\co
mpiled\next-server\app-page.runtime.prod.js:12:46252)
    at nM (D:\coding\GuruPreneur-web\node_modules\next\dist\co
mpiled\next-server\app-page.runtime.prod.js:12:47572)
    at nL (D:\coding\GuruPreneur-web\node_modules\next\dist\co
mpiled\next-server\app-page.runtime.prod.js:12:64547)
    at nI (D:\coding\GuruPreneur-web\node_modules\next\dist\co
mpiled\next-server\app-page.runtime.prod.js:12:47011)
    at nM (D:\coding\GuruPreneur-web\node_modules\next\dist\co
mpiled\next-server\app-page.runtime.prod.js:12:47718)
    at nL (D:\coding\GuruPreneur-web\node_modules\next\dist\co
mpiled\next-server\app-page.runtime.prod.js:12:64547)
    at nM (D:\coding\GuruPreneur-web\node_modules\next\dist\co
mpiled\next-server\app-page.runtime.prod.js:12:61157)
    at nL (D:\coding\GuruPreneur-web\node_modules\next\dist\co
mpiled\next-server\app-page.runtime.prod.js:12:64547) {
  digest: '643139628'
}

Error occurred prerendering page "/benefits". Read more: https
://nextjs.org/docs/messages/prerender-error

Error: @clerk/clerk-react: Missing publishableKey. You can get
 your key at https://dashboard.clerk.com/last-active?path=api-
keys.
    at Object.throwMissingPublishableKeyError (D:\coding\GuruP
reneur-web\.next\server\chunks\1977.js:30:1483)
    at D:\coding\GuruPreneur-web\.next\server\chunks\1977.js:1
9:54560
    at nj (D:\coding\GuruPreneur-web\node_modules\next\dist\co
mpiled\next-server\app-page.runtime.prod.js:12:46252)
    at nM (D:\coding\GuruPreneur-web\node_modules\next\dist\co
mpiled\next-server\app-page.runtime.prod.js:12:47572)
    at nL (D:\coding\GuruPreneur-web\node_modules\next\dist\co
mpiled\next-server\app-page.runtime.prod.js:12:64547)
    at nI (D:\coding\GuruPreneur-web\node_modules\next\dist\co
mpiled\next-server\app-page.runtime.prod.js:12:47011)
    at nM (D:\coding\GuruPreneur-web\node_modules\next\dist\co
mpiled\next-server\app-page.runtime.prod.js:12:47718)
    at nL (D:\coding\GuruPreneur-web\node_modules\next\dist\co
mpiled\next-server\app-page.runtime.prod.js:12:64547)
    at nM (D:\coding\GuruPreneur-web\node_modules\next\dist\co
mpiled\next-server\app-page.runtime.prod.js:12:61157)
    at nL (D:\coding\GuruPreneur-web\node_modules\next\dist\co
mpiled\next-server\app-page.runtime.prod.js:12:64547)
Error: @clerk/clerk-react: Missing publishableKey. You can get
 your key at https://dashboard.clerk.com/last-active?path=api-
keys.
    at Object.throwMissingPublishableKeyError (D:\coding\GuruP
reneur-web\.next\server\chunks\1977.js:30:1483)
    at D:\coding\GuruPreneur-web\.next\server\chunks\1977.js:1
9:54560
    at nj (D:\coding\GuruPreneur-web\node_modules\next\dist\co
mpiled\next-server\app-page.runtime.prod.js:12:46252)
    at nM (D:\coding\GuruPreneur-web\node_modules\next\dist\co
mpiled\next-server\app-page.runtime.prod.js:12:47572)
    at nL (D:\coding\GuruPreneur-web\node_modules\next\dist\co
mpiled\next-server\app-page.runtime.prod.js:12:64547)
    at nI (D:\coding\GuruPreneur-web\node_modules\next\dist\co
mpiled\next-server\app-page.runtime.prod.js:12:47011)
    at nM (D:\coding\GuruPreneur-web\node_modules\next\dist\co
mpiled\next-server\app-page.runtime.prod.js:12:47718)
    at nL (D:\coding\GuruPreneur-web\node_modules\next\dist\co
mpiled\next-server\app-page.runtime.prod.js:12:64547)
    at nM (D:\coding\GuruPreneur-web\node_modules\next\dist\co
mpiled\next-server\app-page.runtime.prod.js:12:61157)
    at nL (D:\coding\GuruPreneur-web\node_modules\next\dist\co
mpiled\next-server\app-page.runtime.prod.js:12:64547) {
  digest: '643139628'
}

Error occurred prerendering page "/homepage". Read more: https
://nextjs.org/docs/messages/prerender-error

Error: @clerk/clerk-react: Missing publishableKey. You can get
 your key at https://dashboard.clerk.com/last-active?path=api-
keys.
    at Object.throwMissingPublishableKeyError (D:\coding\GuruP
reneur-web\.next\server\chunks\1977.js:30:1483)
    at D:\coding\GuruPreneur-web\.next\server\chunks\1977.js:1
9:54560
    at nj (D:\coding\GuruPreneur-web\node_modules\next\dist\co
mpiled\next-server\app-page.runtime.prod.js:12:46252)
    at nM (D:\coding\GuruPreneur-web\node_modules\next\dist\co
mpiled\next-server\app-page.runtime.prod.js:12:47572)
    at nL (D:\coding\GuruPreneur-web\node_modules\next\dist\co
mpiled\next-server\app-page.runtime.prod.js:12:64547)
    at nI (D:\coding\GuruPreneur-web\node_modules\next\dist\co
mpiled\next-server\app-page.runtime.prod.js:12:47011)
    at nM (D:\coding\GuruPreneur-web\node_modules\next\dist\co
mpiled\next-server\app-page.runtime.prod.js:12:47718)
    at nL (D:\coding\GuruPreneur-web\node_modules\next\dist\co
mpiled\next-server\app-page.runtime.prod.js:12:64547)
    at nM (D:\coding\GuruPreneur-web\node_modules\next\dist\co
mpiled\next-server\app-page.runtime.prod.js:12:61157)
    at nL (D:\coding\GuruPreneur-web\node_modules\next\dist\co
mpiled\next-server\app-page.runtime.prod.js:12:64547)
Error: @clerk/clerk-react: Missing publishableKey. You can get
 your key at https://dashboard.clerk.com/last-active?path=api-
keys.
    at Object.throwMissingPublishableKeyError (D:\coding\GuruP
reneur-web\.next\server\chunks\1977.js:30:1483)
    at D:\coding\GuruPreneur-web\.next\server\chunks\1977.js:1
9:54560
    at nj (D:\coding\GuruPreneur-web\node_modules\next\dist\co
mpiled\next-server\app-page.runtime.prod.js:12:46252)
    at nM (D:\coding\GuruPreneur-web\node_modules\next\dist\co
mpiled\next-server\app-page.runtime.prod.js:12:47572)
    at nL (D:\coding\GuruPreneur-web\node_modules\next\dist\co
mpiled\next-server\app-page.runtime.prod.js:12:64547)
    at nI (D:\coding\GuruPreneur-web\node_modules\next\dist\co
mpiled\next-server\app-page.runtime.prod.js:12:47011)
    at nM (D:\coding\GuruPreneur-web\node_modules\next\dist\co
mpiled\next-server\app-page.runtime.prod.js:12:47718)
    at nL (D:\coding\GuruPreneur-web\node_modules\next\dist\co
mpiled\next-server\app-page.runtime.prod.js:12:64547)
    at nM (D:\coding\GuruPreneur-web\node_modules\next\dist\co
mpiled\next-server\app-page.runtime.prod.js:12:61157)
    at nL (D:\coding\GuruPreneur-web\node_modules\next\dist\co
mpiled\next-server\app-page.runtime.prod.js:12:64547) {
  digest: '643139628'
}

Error occurred prerendering page "/tutor/apply-tutor". Read mo
re: https://nextjs.org/docs/messages/prerender-error

Error: @clerk/clerk-react: Missing publishableKey. You can get
 your key at https://dashboard.clerk.com/last-active?path=api-
keys.
    at Object.throwMissingPublishableKeyError (D:\coding\GuruP
reneur-web\.next\server\chunks\1977.js:30:1483)
    at D:\coding\GuruPreneur-web\.next\server\chunks\1977.js:1
9:54560
    at nj (D:\coding\GuruPreneur-web\node_modules\next\dist\co
mpiled\next-server\app-page.runtime.prod.js:12:46252)
    at nM (D:\coding\GuruPreneur-web\node_modules\next\dist\co
mpiled\next-server\app-page.runtime.prod.js:12:47572)
    at nL (D:\coding\GuruPreneur-web\node_modules\next\dist\co
mpiled\next-server\app-page.runtime.prod.js:12:64547)
    at nI (D:\coding\GuruPreneur-web\node_modules\next\dist\co
mpiled\next-server\app-page.runtime.prod.js:12:47011)
    at nM (D:\coding\GuruPreneur-web\node_modules\next\dist\co
mpiled\next-server\app-page.runtime.prod.js:12:47718)
    at nL (D:\coding\GuruPreneur-web\node_modules\next\dist\co
mpiled\next-server\app-page.runtime.prod.js:12:64547)
    at nM (D:\coding\GuruPreneur-web\node_modules\next\dist\co
mpiled\next-server\app-page.runtime.prod.js:12:61157)
    at nL (D:\coding\GuruPreneur-web\node_modules\next\dist\co
mpiled\next-server\app-page.runtime.prod.js:12:64547)
Error: @clerk/clerk-react: Missing publishableKey. You can get
 your key at https://dashboard.clerk.com/last-active?path=api-
keys.
    at Object.throwMissingPublishableKeyError (D:\coding\GuruP
reneur-web\.next\server\chunks\1977.js:30:1483)
    at D:\coding\GuruPreneur-web\.next\server\chunks\1977.js:1
9:54560
    at nj (D:\coding\GuruPreneur-web\node_modules\next\dist\co
mpiled\next-server\app-page.runtime.prod.js:12:46252)
    at nM (D:\coding\GuruPreneur-web\node_modules\next\dist\co
mpiled\next-server\app-page.runtime.prod.js:12:47572)
    at nL (D:\coding\GuruPreneur-web\node_modules\next\dist\co
mpiled\next-server\app-page.runtime.prod.js:12:64547)
    at nI (D:\coding\GuruPreneur-web\node_modules\next\dist\co
mpiled\next-server\app-page.runtime.prod.js:12:47011)
    at nM (D:\coding\GuruPreneur-web\node_modules\next\dist\co
mpiled\next-server\app-page.runtime.prod.js:12:47718)
    at nL (D:\coding\GuruPreneur-web\node_modules\next\dist\co
mpiled\next-server\app-page.runtime.prod.js:12:64547)
    at nM (D:\coding\GuruPreneur-web\node_modules\next\dist\co
mpiled\next-server\app-page.runtime.prod.js:12:61157)
    at nL (D:\coding\GuruPreneur-web\node_modules\next\dist\co
mpiled\next-server\app-page.runtime.prod.js:12:64547) {
  digest: '643139628'
}

Error occurred prerendering page "/_not-found". Read more: htt
ps://nextjs.org/docs/messages/prerender-error

Error: @clerk/clerk-react: Missing publishableKey. You can get
 your key at https://dashboard.clerk.com/last-active?path=api-
keys.
    at Object.throwMissingPublishableKeyError (D:\coding\GuruP
reneur-web\.next\server\chunks\1977.js:30:1483)
    at D:\coding\GuruPreneur-web\.next\server\chunks\1977.js:1
9:54560
    at nj (D:\coding\GuruPreneur-web\node_modules\next\dist\co
mpiled\next-server\app-page.runtime.prod.js:12:46252)
    at nM (D:\coding\GuruPreneur-web\node_modules\next\dist\co
mpiled\next-server\app-page.runtime.prod.js:12:47572)
    at nL (D:\coding\GuruPreneur-web\node_modules\next\dist\co
mpiled\next-server\app-page.runtime.prod.js:12:64547)
    at nI (D:\coding\GuruPreneur-web\node_modules\next\dist\co
mpiled\next-server\app-page.runtime.prod.js:12:47011)
    at nM (D:\coding\GuruPreneur-web\node_modules\next\dist\co
mpiled\next-server\app-page.runtime.prod.js:12:47718)
    at nL (D:\coding\GuruPreneur-web\node_modules\next\dist\co
mpiled\next-server\app-page.runtime.prod.js:12:64547)
    at nM (D:\coding\GuruPreneur-web\node_modules\next\dist\co
mpiled\next-server\app-page.runtime.prod.js:12:61157)
    at nL (D:\coding\GuruPreneur-web\node_modules\next\dist\co
mpiled\next-server\app-page.runtime.prod.js:12:64547)
Error: @clerk/clerk-react: Missing publishableKey. You can get
 your key at https://dashboard.clerk.com/last-active?path=api-
keys.
    at Object.throwMissingPublishableKeyError (D:\coding\GuruP
reneur-web\.next\server\chunks\1977.js:30:1483)
    at D:\coding\GuruPreneur-web\.next\server\chunks\1977.js:1
9:54560
    at nj (D:\coding\GuruPreneur-web\node_modules\next\dist\co
mpiled\next-server\app-page.runtime.prod.js:12:46252)
    at nM (D:\coding\GuruPreneur-web\node_modules\next\dist\co
mpiled\next-server\app-page.runtime.prod.js:12:47572)
    at nL (D:\coding\GuruPreneur-web\node_modules\next\dist\co
mpiled\next-server\app-page.runtime.prod.js:12:64547)
    at nI (D:\coding\GuruPreneur-web\node_modules\next\dist\co
mpiled\next-server\app-page.runtime.prod.js:12:47011)
    at nM (D:\coding\GuruPreneur-web\node_modules\next\dist\co
mpiled\next-server\app-page.runtime.prod.js:12:47718)
    at nL (D:\coding\GuruPreneur-web\node_modules\next\dist\co
mpiled\next-server\app-page.runtime.prod.js:12:64547)
    at nM (D:\coding\GuruPreneur-web\node_modules\next\dist\co
mpiled\next-server\app-page.runtime.prod.js:12:61157)
    at nL (D:\coding\GuruPreneur-web\node_modules\next\dist\co
mpiled\next-server\app-page.runtime.prod.js:12:64547) {
  digest: '643139628'
}

Error occurred prerendering page "/admin/tutor-applications". 
Read more: https://nextjs.org/docs/messages/prerender-error

Error: @clerk/clerk-react: Missing publishableKey. You can get
 your key at https://dashboard.clerk.com/last-active?path=api-
keys.
    at Object.throwMissingPublishableKeyError (D:\coding\GuruP
reneur-web\.next\server\chunks\1977.js:30:1483)
    at D:\coding\GuruPreneur-web\.next\server\chunks\1977.js:1
9:54560
    at nj (D:\coding\GuruPreneur-web\node_modules\next\dist\co
mpiled\next-server\app-page.runtime.prod.js:12:46252)
    at nM (D:\coding\GuruPreneur-web\node_modules\next\dist\co
mpiled\next-server\app-page.runtime.prod.js:12:47572)
    at nL (D:\coding\GuruPreneur-web\node_modules\next\dist\co
mpiled\next-server\app-page.runtime.prod.js:12:64547)
    at nI (D:\coding\GuruPreneur-web\node_modules\next\dist\co
mpiled\next-server\app-page.runtime.prod.js:12:47011)
    at nM (D:\coding\GuruPreneur-web\node_modules\next\dist\co
mpiled\next-server\app-page.runtime.prod.js:12:47718)
    at nL (D:\coding\GuruPreneur-web\node_modules\next\dist\co
mpiled\next-server\app-page.runtime.prod.js:12:64547)
    at nM (D:\coding\GuruPreneur-web\node_modules\next\dist\co
mpiled\next-server\app-page.runtime.prod.js:12:61157)
    at nL (D:\coding\GuruPreneur-web\node_modules\next\dist\co
mpiled\next-server\app-page.runtime.prod.js:12:64547)
ÔØî Failed to fetch courses: PrismaClientKnownRequestError: 
Invalid `prisma.course.findMany()` invocation:



    at qr.handleRequestError (D:\coding\GuruPreneur-web\node_m
odules\@prisma\client\runtime\client.js:65:8172)
    at qr.handleAndLogRequestError (D:\coding\GuruPreneur-web\
node_modules\@prisma\client\runtime\client.js:65:7467)
    at qr.request (D:\coding\GuruPreneur-web\node_modules\@pri
sma\client\runtime\client.js:65:7174)
    at process.processTicksAndRejections (node:internal/proces
s/task_queues:105:5)
    at async a (D:\coding\GuruPreneur-web\node_modules\@prisma
\client\runtime\client.js:75:5816)
    at async n (D:\coding\GuruPreneur-web\.next\server\app\api
\courses\route.js:1:1641)
    at async D:\coding\GuruPreneur-web\node_modules\next\dist\
compiled\next-server\app-route.runtime.prod.js:6:38411
    at async e_.execute (D:\coding\GuruPreneur-web\node_module
s\next\dist\compiled\next-server\app-route.runtime.prod.js:6:2
7880)
    at async e_.handle (D:\coding\GuruPreneur-web\node_modules
\next\dist\compiled\next-server\app-route.runtime.prod.js:6:39
943)
    at async exportAppRoute (D:\coding\GuruPreneur-web\node_mo
dules\next\dist\export\routes\app-route.js:77:26) {
  code: 'ECONNREFUSED',
  meta: { modelName: 'Course' },
  clientVersion: '7.2.0'
}
Error: @clerk/clerk-react: Missing publishableKey. You can get
 your key at https://dashboard.clerk.com/last-active?path=api-
keys.
    at Object.throwMissingPublishableKeyError (D:\coding\GuruP
reneur-web\.next\server\chunks\1977.js:30:1483)
    at D:\coding\GuruPreneur-web\.next\server\chunks\1977.js:1
9:54560
    at nj (D:\coding\GuruPreneur-web\node_modules\next\dist\co
mpiled\next-server\app-page.runtime.prod.js:12:46252)
    at nM (D:\coding\GuruPreneur-web\node_modules\next\dist\co
mpiled\next-server\app-page.runtime.prod.js:12:47572)
    at nL (D:\coding\GuruPreneur-web\node_modules\next\dist\co
mpiled\next-server\app-page.runtime.prod.js:12:64547)
    at nI (D:\coding\GuruPreneur-web\node_modules\next\dist\co
mpiled\next-server\app-page.runtime.prod.js:12:47011)
    at nM (D:\coding\GuruPreneur-web\node_modules\next\dist\co
mpiled\next-server\app-page.runtime.prod.js:12:47718)
    at nL (D:\coding\GuruPreneur-web\node_modules\next\dist\co
mpiled\next-server\app-page.runtime.prod.js:12:64547)
    at nM (D:\coding\GuruPreneur-web\node_modules\next\dist\co
mpiled\next-server\app-page.runtime.prod.js:12:61157)
    at nL (D:\coding\GuruPreneur-web\node_modules\next\dist\co
mpiled\next-server\app-page.runtime.prod.js:12:64547) {
  digest: '643139628'
}

Error occurred prerendering page "/tutor/dashboard". Read more
: https://nextjs.org/docs/messages/prerender-error

Error: @clerk/clerk-react: Missing publishableKey. You can get
 your key at https://dashboard.clerk.com/last-active?path=api-
keys.
    at Object.throwMissingPublishableKeyError (D:\coding\GuruP
reneur-web\.next\server\chunks\1977.js:30:1483)
    at D:\coding\GuruPreneur-web\.next\server\chunks\1977.js:1
9:54560
    at nj (D:\coding\GuruPreneur-web\node_modules\next\dist\co
mpiled\next-server\app-page.runtime.prod.js:12:46252)
    at nM (D:\coding\GuruPreneur-web\node_modules\next\dist\co
mpiled\next-server\app-page.runtime.prod.js:12:47572)
    at nL (D:\coding\GuruPreneur-web\node_modules\next\dist\co
mpiled\next-server\app-page.runtime.prod.js:12:64547)
    at nI (D:\coding\GuruPreneur-web\node_modules\next\dist\co
mpiled\next-server\app-page.runtime.prod.js:12:47011)
    at nM (D:\coding\GuruPreneur-web\node_modules\next\dist\co
mpiled\next-server\app-page.runtime.prod.js:12:47718)
    at nL (D:\coding\GuruPreneur-web\node_modules\next\dist\co
mpiled\next-server\app-page.runtime.prod.js:12:64547)
    at nM (D:\coding\GuruPreneur-web\node_modules\next\dist\co
mpiled\next-server\app-page.runtime.prod.js:12:61157)
    at nL (D:\coding\GuruPreneur-web\node_modules\next\dist\co
mpiled\next-server\app-page.runtime.prod.js:12:64547)
Error: @clerk/clerk-react: Missing publishableKey. You can get
 your key at https://dashboard.clerk.com/last-active?path=api-
keys.
    at Object.throwMissingPublishableKeyError (D:\coding\GuruP
reneur-web\.next\server\chunks\1977.js:30:1483)
    at D:\coding\GuruPreneur-web\.next\server\chunks\1977.js:1
9:54560
    at nj (D:\coding\GuruPreneur-web\node_modules\next\dist\co
mpiled\next-server\app-page.runtime.prod.js:12:46252)
    at nM (D:\coding\GuruPreneur-web\node_modules\next\dist\co
mpiled\next-server\app-page.runtime.prod.js:12:47572)
    at nL (D:\coding\GuruPreneur-web\node_modules\next\dist\co
mpiled\next-server\app-page.runtime.prod.js:12:64547)
    at nI (D:\coding\GuruPreneur-web\node_modules\next\dist\co
mpiled\next-server\app-page.runtime.prod.js:12:47011)
    at nM (D:\coding\GuruPreneur-web\node_modules\next\dist\co
mpiled\next-server\app-page.runtime.prod.js:12:47718)
    at nL (D:\coding\GuruPreneur-web\node_modules\next\dist\co
mpiled\next-server\app-page.runtime.prod.js:12:64547)
    at nM (D:\coding\GuruPreneur-web\node_modules\next\dist\co
mpiled\next-server\app-page.runtime.prod.js:12:61157)
    at nL (D:\coding\GuruPreneur-web\node_modules\next\dist\co
mpiled\next-server\app-page.runtime.prod.js:12:64547) {
  digest: '643139628'
}

Error occurred prerendering page "/". Read more: https://nextj
s.org/docs/messages/prerender-error

Error: @clerk/clerk-react: Missing publishableKey. You can get
 your key at https://dashboard.clerk.com/last-active?path=api-
keys.
    at Object.throwMissingPublishableKeyError (D:\coding\GuruP
reneur-web\.next\server\chunks\1977.js:30:1483)
    at D:\coding\GuruPreneur-web\.next\server\chunks\1977.js:1
9:54560
    at nj (D:\coding\GuruPreneur-web\node_modules\next\dist\co
mpiled\next-server\app-page.runtime.prod.js:12:46252)
    at nM (D:\coding\GuruPreneur-web\node_modules\next\dist\co
mpiled\next-server\app-page.runtime.prod.js:12:47572)
    at nL (D:\coding\GuruPreneur-web\node_modules\next\dist\co
mpiled\next-server\app-page.runtime.prod.js:12:64547)
    at nI (D:\coding\GuruPreneur-web\node_modules\next\dist\co
mpiled\next-server\app-page.runtime.prod.js:12:47011)
    at nM (D:\coding\GuruPreneur-web\node_modules\next\dist\co
mpiled\next-server\app-page.runtime.prod.js:12:47718)
    at nL (D:\coding\GuruPreneur-web\node_modules\next\dist\co
mpiled\next-server\app-page.runtime.prod.js:12:64547)
    at nM (D:\coding\GuruPreneur-web\node_modules\next\dist\co
mpiled\next-server\app-page.runtime.prod.js:12:61157)
    at nL (D:\coding\GuruPreneur-web\node_modules\next\dist\co
mpiled\next-server\app-page.runtime.prod.js:12:64547)
Error: @clerk/clerk-react: Missing publishableKey. You can get
 your key at https://dashboard.clerk.com/last-active?path=api-
keys.
    at Object.throwMissingPublishableKeyError (D:\coding\GuruP
reneur-web\.next\server\chunks\1977.js:30:1483)
    at D:\coding\GuruPreneur-web\.next\server\chunks\1977.js:1
9:54560
    at nj (D:\coding\GuruPreneur-web\node_modules\next\dist\co
mpiled\next-server\app-page.runtime.prod.js:12:46252)
    at nM (D:\coding\GuruPreneur-web\node_modules\next\dist\co
mpiled\next-server\app-page.runtime.prod.js:12:47572)
    at nL (D:\coding\GuruPreneur-web\node_modules\next\dist\co
mpiled\next-server\app-page.runtime.prod.js:12:64547)
    at nI (D:\coding\GuruPreneur-web\node_modules\next\dist\co
mpiled\next-server\app-page.runtime.prod.js:12:47011)
    at nM (D:\coding\GuruPreneur-web\node_modules\next\dist\co
mpiled\next-server\app-page.runtime.prod.js:12:47718)
    at nL (D:\coding\GuruPreneur-web\node_modules\next\dist\co
mpiled\next-server\app-page.runtime.prod.js:12:64547)
    at nM (D:\coding\GuruPreneur-web\node_modules\next\dist\co
mpiled\next-server\app-page.runtime.prod.js:12:61157)
    at nL (D:\coding\GuruPreneur-web\node_modules\next\dist\co
mpiled\next-server\app-page.runtime.prod.js:12:64547) {
  digest: '643139628'
}

Error occurred prerendering page "/tutor/status". Read more: h
ttps://nextjs.org/docs/messages/prerender-error

Error: @clerk/clerk-react: Missing publishableKey. You can get
 your key at https://dashboard.clerk.com/last-active?path=api-
keys.
    at Object.throwMissingPublishableKeyError (D:\coding\GuruP
reneur-web\.next\server\chunks\1977.js:30:1483)
    at D:\coding\GuruPreneur-web\.next\server\chunks\1977.js:1
9:54560
    at nj (D:\coding\GuruPreneur-web\node_modules\next\dist\co
mpiled\next-server\app-page.runtime.prod.js:12:46252)
    at nM (D:\coding\GuruPreneur-web\node_modules\next\dist\co
mpiled\next-server\app-page.runtime.prod.js:12:47572)
    at nL (D:\coding\GuruPreneur-web\node_modules\next\dist\co
mpiled\next-server\app-page.runtime.prod.js:12:64547)
    at nI (D:\coding\GuruPreneur-web\node_modules\next\dist\co
mpiled\next-server\app-page.runtime.prod.js:12:47011)
    at nM (D:\coding\GuruPreneur-web\node_modules\next\dist\co
mpiled\next-server\app-page.runtime.prod.js:12:47718)
    at nL (D:\coding\GuruPreneur-web\node_modules\next\dist\co
mpiled\next-server\app-page.runtime.prod.js:12:64547)
    at nM (D:\coding\GuruPreneur-web\node_modules\next\dist\co
mpiled\next-server\app-page.runtime.prod.js:12:61157)
    at nL (D:\coding\GuruPreneur-web\node_modules\next\dist\co
mpiled\next-server\app-page.runtime.prod.js:12:64547)
Error: @clerk/clerk-react: Missing publishableKey. You can get
 your key at https://dashboard.clerk.com/last-active?path=api-
keys.
    at Object.throwMissingPublishableKeyError (D:\coding\GuruP
reneur-web\.next\server\chunks\1977.js:30:1483)
    at D:\coding\GuruPreneur-web\.next\server\chunks\1977.js:1
9:54560
    at nj (D:\coding\GuruPreneur-web\node_modules\next\dist\co
mpiled\next-server\app-page.runtime.prod.js:12:46252)
    at nM (D:\coding\GuruPreneur-web\node_modules\next\dist\co
mpiled\next-server\app-page.runtime.prod.js:12:47572)
    at nL (D:\coding\GuruPreneur-web\node_modules\next\dist\co
mpiled\next-server\app-page.runtime.prod.js:12:64547)
    at nI (D:\coding\GuruPreneur-web\node_modules\next\dist\co
mpiled\next-server\app-page.runtime.prod.js:12:47011)
    at nM (D:\coding\GuruPreneur-web\node_modules\next\dist\co
mpiled\next-server\app-page.runtime.prod.js:12:47718)
    at nL (D:\coding\GuruPreneur-web\node_modules\next\dist\co
mpiled\next-server\app-page.runtime.prod.js:12:64547)
    at nM (D:\coding\GuruPreneur-web\node_modules\next\dist\co
mpiled\next-server\app-page.runtime.prod.js:12:61157)
    at nL (D:\coding\GuruPreneur-web\node_modules\next\dist\co
mpiled\next-server\app-page.runtime.prod.js:12:64547) {
  digest: '643139628'
}

Error occurred prerendering page "/about". Read more: https://
nextjs.org/docs/messages/prerender-error

Error: @clerk/clerk-react: Missing publishableKey. You can get
 your key at https://dashboard.clerk.com/last-active?path=api-
keys.
    at Object.throwMissingPublishableKeyError (D:\coding\GuruP
reneur-web\.next\server\chunks\1977.js:30:1483)
    at D:\coding\GuruPreneur-web\.next\server\chunks\1977.js:1
9:54560
    at nj (D:\coding\GuruPreneur-web\node_modules\next\dist\co
mpiled\next-server\app-page.runtime.prod.js:12:46252)
    at nM (D:\coding\GuruPreneur-web\node_modules\next\dist\co
mpiled\next-server\app-page.runtime.prod.js:12:47572)
    at nL (D:\coding\GuruPreneur-web\node_modules\next\dist\co
mpiled\next-server\app-page.runtime.prod.js:12:64547)
    at nI (D:\coding\GuruPreneur-web\node_modules\next\dist\co
mpiled\next-server\app-page.runtime.prod.js:12:47011)
    at nM (D:\coding\GuruPreneur-web\node_modules\next\dist\co
mpiled\next-server\app-page.runtime.prod.js:12:47718)
    at nL (D:\coding\GuruPreneur-web\node_modules\next\dist\co
mpiled\next-server\app-page.runtime.prod.js:12:64547)
    at nM (D:\coding\GuruPreneur-web\node_modules\next\dist\co
mpiled\next-server\app-page.runtime.prod.js:12:61157)
    at nL (D:\coding\GuruPreneur-web\node_modules\next\dist\co
mpiled\next-server\app-page.runtime.prod.js:12:64547)
Error: @clerk/clerk-react: Missing publishableKey. You can get
 your key at https://dashboard.clerk.com/last-active?path=api-
keys.
    at Object.throwMissingPublishableKeyError (D:\coding\GuruP
reneur-web\.next\server\chunks\1977.js:30:1483)
    at D:\coding\GuruPreneur-web\.next\server\chunks\1977.js:1
9:54560
    at nj (D:\coding\GuruPreneur-web\node_modules\next\dist\co
mpiled\next-server\app-page.runtime.prod.js:12:46252)
    at nM (D:\coding\GuruPreneur-web\node_modules\next\dist\co
mpiled\next-server\app-page.runtime.prod.js:12:47572)
    at nL (D:\coding\GuruPreneur-web\node_modules\next\dist\co
mpiled\next-server\app-page.runtime.prod.js:12:64547)
    at nI (D:\coding\GuruPreneur-web\node_modules\next\dist\co
mpiled\next-server\app-page.runtime.prod.js:12:47011)
    at nM (D:\coding\GuruPreneur-web\node_modules\next\dist\co
mpiled\next-server\app-page.runtime.prod.js:12:47718)
    at nL (D:\coding\GuruPreneur-web\node_modules\next\dist\co
mpiled\next-server\app-page.runtime.prod.js:12:64547)
    at nM (D:\coding\GuruPreneur-web\node_modules\next\dist\co
mpiled\next-server\app-page.runtime.prod.js:12:61157)
    at nL (D:\coding\GuruPreneur-web\node_modules\next\dist\co
mpiled\next-server\app-page.runtime.prod.js:12:64547) {
  digest: '643139628'
}
PrismaClientKnownRequestError: 
Invalid `prisma.course.findMany()` invocation:



    at qr.handleRequestError (D:\coding\GuruPreneur-web\node_m
odules\@prisma\client\runtime\client.js:65:8172)
    at qr.handleAndLogRequestError (D:\coding\GuruPreneur-web\
node_modules\@prisma\client\runtime\client.js:65:7467)
    at qr.request (D:\coding\GuruPreneur-web\node_modules\@pri
sma\client\runtime\client.js:65:7174)
    at process.processTicksAndRejections (node:internal/proces
s/task_queues:105:5)
    at async a (D:\coding\GuruPreneur-web\node_modules\@prisma
\client\runtime\client.js:75:5816)
    at async l (D:\coding\GuruPreneur-web\.next\server\app\cou
rses\page.js:1:7320) {
  code: 'ECONNREFUSED',
  meta: { modelName: 'Course' },
  clientVersion: '7.2.0',
  digest: '1045357503'
}
PrismaClientKnownRequestError: 
Invalid `prisma.course.findMany()` invocation:



    at qr.handleRequestError (D:\coding\GuruPreneur-web\node_m
odules\@prisma\client\runtime\client.js:65:8172)
    at qr.handleAndLogRequestError (D:\coding\GuruPreneur-web\
node_modules\@prisma\client\runtime\client.js:65:7467)
    at qr.request (D:\coding\GuruPreneur-web\node_modules\@pri
sma\client\runtime\client.js:65:7174)
    at process.processTicksAndRejections (node:internal/proces
s/task_queues:105:5)
    at async a (D:\coding\GuruPreneur-web\node_modules\@prisma
\client\runtime\client.js:75:5816)
    at async l (D:\coding\GuruPreneur-web\.next\server\app\cou
rses\page.js:1:7320) {
  code: 'ECONNREFUSED',
  meta: { modelName: 'Course' },
  clientVersion: '7.2.0',
  digest: '1045357503'
}

Error occurred prerendering page "/courses". Read more: https:
//nextjs.org/docs/messages/prerender-error

Error: @clerk/clerk-react: Missing publishableKey. You can get
 your key at https://dashboard.clerk.com/last-active?path=api-
keys.
    at Object.throwMissingPublishableKeyError (D:\coding\GuruP
reneur-web\.next\server\chunks\1977.js:30:1483)
    at D:\coding\GuruPreneur-web\.next\server\chunks\1977.js:1
9:54560
    at nj (D:\coding\GuruPreneur-web\node_modules\next\dist\co
mpiled\next-server\app-page.runtime.prod.js:12:46252)
    at nM (D:\coding\GuruPreneur-web\node_modules\next\dist\co
mpiled\next-server\app-page.runtime.prod.js:12:47572)
    at nL (D:\coding\GuruPreneur-web\node_modules\next\dist\co
mpiled\next-server\app-page.runtime.prod.js:12:64547)
    at nI (D:\coding\GuruPreneur-web\node_modules\next\dist\co
mpiled\next-server\app-page.runtime.prod.js:12:47011)
    at nM (D:\coding\GuruPreneur-web\node_modules\next\dist\co
mpiled\next-server\app-page.runtime.prod.js:12:47718)
    at nL (D:\coding\GuruPreneur-web\node_modules\next\dist\co
mpiled\next-server\app-page.runtime.prod.js:12:64547)
    at nM (D:\coding\GuruPreneur-web\node_modules\next\dist\co
mpiled\next-server\app-page.runtime.prod.js:12:61157)
    at nL (D:\coding\GuruPreneur-web\node_modules\next\dist\co
mpiled\next-server\app-page.runtime.prod.js:12:64547)

> Export encountered errors on following paths:
	/_not-found/page: /_not-found
	/about/page: /about
	/admin/tutor-applications/page: /admin/tutor-applications
	/benefits/page: /benefits
	/courses/page: /courses
	/homepage/page: /homepage
	/page: /
	/tutor/apply-tutor/page: /tutor/apply-tutor
	/tutor/dashboard/page: /tutor/dashboard
	/tutor/status/page: /tutor/status
[?25h
